// Jest Snapshot v1, https://goo.gl/fbAQLP

exports[`organisms/PrefectureCheckBoxGroup Primary smoke-test 1`] = `
<fieldset class="sc-gTRrcP eRqeeM">
  <legend>
    <h2>
      <span level="h2"
            class="sc-bgqQPU eepGMU"
      >
        都道府県
      </span>
    </h2>
  </legend>
  <div style="display: flex; flex-wrap: wrap; gap: 10px;">
    <label>
      <input type="checkbox">
      北海道
    </label>
    <label>
      <input type="checkbox">
      青森県
    </label>
    <label>
      <input type="checkbox">
      岩手県
    </label>
  </div>
</fieldset>
`;
